// Jest Snapshot v1, https://goo.gl/fbAQLP

exports[`Chart chart test should render chart 1`] = `ShallowWrapper {}`;
